version https://git-lfs.github.com/spec/v1
oid sha256:0da672ef8eb9c0b9041c47b29cd5a87fa3d330cbf4a6f3d192dd9913c5bf0e3f
size 1191936
