version https://git-lfs.github.com/spec/v1
oid sha256:d444661239953a880dba9892257b3b394f92e0d8561abfa77607bdd1da076aa6
size 17215488
